/workspace/dataset/blademaster/juggernaut/jugg/jugg_0822/Lists/baby_gen_dataset/tmp/Image/jugg_baby_0822_00002036.jpg
/workspace/dataset/blademaster/juggernaut/jugg/jugg_0822/Lists/baby_gen_dataset/tmp/Image/jugg_baby_0822_00000459.jpg
/workspace/dataset/blademaster/juggernaut/jugg/jugg_0822/Lists/baby_gen_dataset/tmp/Image/jugg_baby_0822_00004525.jpg
/workspace/dataset/blademaster/juggernaut/jugg/jugg_0822/Lists/baby_gen_dataset/tmp/Image/jugg_baby_0822_00004527.jpg
/workspace/dataset/blademaster/juggernaut/jugg/jugg_0822/Lists/baby_gen_dataset/tmp/Image/jugg_baby_0822_00004531.jpg
/workspace/dataset/blademaster/juggernaut/jugg/jugg_0822/Lists/baby_gen_dataset/tmp/Image/jugg_baby_0822_00004533.jpg
/workspace/dataset/blademaster/juggernaut/jugg/jugg_0822/Lists/baby_gen_dataset/tmp/Image/jugg_baby_0822_00001813.jpg
/workspace/dataset/blademaster/juggernaut/jugg/jugg_0822/Lists/baby_gen_dataset/tmp/Image/jugg_baby_0822_00004536.jpg
/workspace/dataset/blademaster/juggernaut/jugg/jugg_0822/Lists/baby_gen_dataset/tmp/Image/jugg_baby_0822_00001815.jpg
/workspace/dataset/blademaster/juggernaut/jugg/jugg_0822/Lists/baby_gen_dataset/tmp/Image/jugg_baby_0822_00001819.jpg
/workspace/dataset/blademaster/juggernaut/jugg/jugg_0822/Lists/baby_gen_dataset/tmp/Image/jugg_baby_0822_00000912.jpg
/workspace/dataset/blademaster/juggernaut/jugg/jugg_0822/Lists/baby_gen_dataset/tmp/Image/jugg_baby_0822_00002057.jpg
/workspace/dataset/blademaster/juggernaut/jugg/jugg_0822/Lists/baby_gen_dataset/tmp/Image/jugg_baby_0822_00001140.jpg
/workspace/dataset/blademaster/juggernaut/jugg/jugg_0822/Lists/baby_gen_dataset/tmp/Image/jugg_baby_0822_00004549.jpg
/workspace/dataset/blademaster/juggernaut/jugg/jugg_0822/Lists/baby_gen_dataset/tmp/Image/jugg_baby_0822_00004550.jpg
/workspace/dataset/blademaster/juggernaut/jugg/jugg_0822/Lists/baby_gen_dataset/tmp/Image/jugg_baby_0822_00002265.jpg
/workspace/dataset/blademaster/juggernaut/jugg/jugg_0822/Lists/baby_gen_dataset/tmp/Image/jugg_baby_0822_00002266.jpg
/workspace/dataset/blademaster/juggernaut/jugg/jugg_0822/Lists/baby_gen_dataset/tmp/Image/jugg_baby_0822_00004553.jpg
/workspace/dataset/blademaster/juggernaut/jugg/jugg_0822/Lists/baby_gen_dataset/tmp/Image/jugg_baby_0822_00004555.jpg
/workspace/dataset/blademaster/juggernaut/jugg/jugg_0822/Lists/baby_gen_dataset/tmp/Image/jugg_baby_0822_00002268.jpg
/workspace/dataset/blademaster/juggernaut/jugg/jugg_0822/Lists/baby_gen_dataset/tmp/Image/jugg_baby_0822_00003406.jpg
/workspace/dataset/blademaster/juggernaut/jugg/jugg_0822/Lists/baby_gen_dataset/tmp/Image/jugg_baby_0822_00002275.jpg
/workspace/dataset/blademaster/juggernaut/jugg/jugg_0822/Lists/baby_gen_dataset/tmp/Image/jugg_baby_0822_00000258.jpg
/workspace/dataset/blademaster/juggernaut/jugg/jugg_0822/Lists/baby_gen_dataset/tmp/Image/jugg_baby_0822_00006348.jpg
/workspace/dataset/blademaster/juggernaut/jugg/jugg_0822/Lists/baby_gen_dataset/tmp/Image/jugg_baby_0822_00008840.jpg
/workspace/dataset/blademaster/juggernaut/jugg/jugg_0822/Lists/baby_gen_dataset/tmp/Image/jugg_baby_0822_00001152.jpg
/workspace/dataset/blademaster/juggernaut/jugg/jugg_0822/Lists/baby_gen_dataset/tmp/Image/jugg_baby_0822_00006356.jpg
/workspace/dataset/blademaster/juggernaut/jugg/jugg_0822/Lists/baby_gen_dataset/tmp/Image/jugg_baby_0822_00002286.jpg
/workspace/dataset/blademaster/juggernaut/jugg/jugg_0822/Lists/baby_gen_dataset/tmp/Image/jugg_baby_0822_00002949.jpg
/workspace/dataset/blademaster/juggernaut/jugg/jugg_0822/Lists/baby_gen_dataset/tmp/Image/jugg_baby_0822_00004562.jpg
/workspace/dataset/blademaster/juggernaut/jugg/jugg_0822/Lists/baby_gen_dataset/tmp/Image/jugg_baby_0822_00002089.jpg
/workspace/dataset/blademaster/juggernaut/jugg/jugg_0822/Lists/baby_gen_dataset/tmp/Image/jugg_baby_0822_00002099.jpg
/workspace/dataset/blademaster/juggernaut/jugg/jugg_0822/Lists/baby_gen_dataset/tmp/Image/jugg_baby_0822_00005698.jpg
/workspace/dataset/blademaster/juggernaut/jugg/jugg_0822/Lists/baby_gen_dataset/tmp/Image/jugg_baby_0822_00004795.jpg
/workspace/dataset/blademaster/juggernaut/jugg/jugg_0822/Lists/baby_gen_dataset/tmp/Image/jugg_baby_0822_00000752.jpg
/workspace/dataset/blademaster/juggernaut/jugg/jugg_0822/Lists/baby_gen_dataset/tmp/Image/jugg_baby_0822_00000753.jpg
/workspace/dataset/blademaster/juggernaut/jugg/jugg_0822/Lists/baby_gen_dataset/tmp/Image/jugg_baby_0822_00005710.jpg
/workspace/dataset/blademaster/juggernaut/jugg/jugg_0822/Lists/baby_gen_dataset/tmp/Image/jugg_baby_0822_00008638.jpg
/workspace/dataset/blademaster/juggernaut/jugg/jugg_0822/Lists/baby_gen_dataset/tmp/Image/jugg_baby_0822_00007521.jpg
/workspace/dataset/blademaster/juggernaut/jugg/jugg_0822/Lists/baby_gen_dataset/tmp/Image/jugg_baby_0822_00000286.jpg
/workspace/dataset/blademaster/juggernaut/jugg/jugg_0822/Lists/baby_gen_dataset/tmp/Image/jugg_baby_0822_00007316.jpg
/workspace/dataset/blademaster/juggernaut/jugg/jugg_0822/Lists/baby_gen_dataset/tmp/Image/jugg_baby_0822_00008645.jpg
/workspace/dataset/blademaster/juggernaut/jugg/jugg_0822/Lists/baby_gen_dataset/tmp/Image/jugg_baby_0822_00008646.jpg
/workspace/dataset/blademaster/juggernaut/jugg/jugg_0822/Lists/baby_gen_dataset/tmp/Image/jugg_baby_0822_00001871.jpg
/workspace/dataset/blademaster/juggernaut/jugg/jugg_0822/Lists/baby_gen_dataset/tmp/Image/jugg_baby_0822_00006621.jpg
/workspace/dataset/blademaster/juggernaut/jugg/jugg_0822/Lists/baby_gen_dataset/tmp/Image/jugg_baby_0822_00001661.jpg
/workspace/dataset/blademaster/juggernaut/jugg/jugg_0822/Lists/baby_gen_dataset/tmp/Image/jugg_baby_0822_00001883.jpg
/workspace/dataset/blademaster/juggernaut/jugg/jugg_0822/Lists/baby_gen_dataset/tmp/Image/jugg_baby_0822_00002518.jpg
/workspace/dataset/blademaster/juggernaut/jugg/jugg_0822/Lists/baby_gen_dataset/tmp/Image/jugg_baby_0822_00002737.jpg
/workspace/dataset/blademaster/juggernaut/jugg/jugg_0822/Lists/baby_gen_dataset/tmp/Image/jugg_baby_0822_00002121.jpg
/workspace/dataset/blademaster/juggernaut/jugg/jugg_0822/Lists/baby_gen_dataset/tmp/Image/jugg_baby_0822_00008658.jpg
/workspace/dataset/blademaster/juggernaut/jugg/jugg_0822/Lists/baby_gen_dataset/tmp/Image/jugg_baby_0822_00004382.jpg
/workspace/dataset/blademaster/juggernaut/jugg/jugg_0822/Lists/baby_gen_dataset/tmp/Image/jugg_baby_0822_00006461.jpg
/workspace/dataset/blademaster/juggernaut/jugg/jugg_0822/Lists/baby_gen_dataset/tmp/Image/jugg_baby_0822_00006650.jpg
/workspace/dataset/blademaster/juggernaut/jugg/jugg_0822/Lists/baby_gen_dataset/tmp/Image/jugg_baby_0822_00006930.jpg
/workspace/dataset/blademaster/juggernaut/jugg/jugg_0822/Lists/baby_gen_dataset/tmp/Image/jugg_baby_0822_00002530.jpg
/workspace/dataset/blademaster/juggernaut/jugg/jugg_0822/Lists/baby_gen_dataset/tmp/Image/jugg_baby_0822_00006469.jpg
/workspace/dataset/blademaster/juggernaut/jugg/jugg_0822/Lists/baby_gen_dataset/tmp/Image/jugg_baby_0822_00006171.jpg
/workspace/dataset/blademaster/juggernaut/jugg/jugg_0822/Lists/baby_gen_dataset/tmp/Image/jugg_baby_0822_00000065.jpg
/workspace/dataset/blademaster/juggernaut/jugg/jugg_0822/Lists/baby_gen_dataset/tmp/Image/jugg_baby_0822_00006937.jpg
/workspace/dataset/blademaster/juggernaut/jugg/jugg_0822/Lists/baby_gen_dataset/tmp/Image/jugg_baby_0822_00000069.jpg
/workspace/dataset/blademaster/juggernaut/jugg/jugg_0822/Lists/baby_gen_dataset/tmp/Image/jugg_baby_0822_00008947.jpg
/workspace/dataset/blademaster/juggernaut/jugg/jugg_0822/Lists/baby_gen_dataset/tmp/Image/jugg_baby_0822_00002759.jpg
/workspace/dataset/blademaster/juggernaut/jugg/jugg_0822/Lists/baby_gen_dataset/tmp/Image/jugg_baby_0822_00002142.jpg
/workspace/dataset/blademaster/juggernaut/jugg/jugg_0822/Lists/baby_gen_dataset/tmp/Image/jugg_baby_0822_00008514.jpg
/workspace/dataset/blademaster/juggernaut/jugg/jugg_0822/Lists/baby_gen_dataset/tmp/Image/jugg_baby_0822_00002537.jpg
/workspace/dataset/blademaster/juggernaut/jugg/jugg_0822/Lists/baby_gen_dataset/tmp/Image/jugg_baby_0822_00002761.jpg
/workspace/dataset/blademaster/juggernaut/jugg/jugg_0822/Lists/baby_gen_dataset/tmp/Image/jugg_baby_0822_00000086.jpg
/workspace/dataset/blademaster/juggernaut/jugg/jugg_0822/Lists/baby_gen_dataset/tmp/Image/jugg_baby_0822_00004387.jpg
/workspace/dataset/blademaster/juggernaut/jugg/jugg_0822/Lists/baby_gen_dataset/tmp/Image/jugg_baby_0822_00004403.jpg
/workspace/dataset/blademaster/juggernaut/jugg/jugg_0822/Lists/baby_gen_dataset/tmp/Image/jugg_baby_0822_00005757.jpg
/workspace/dataset/blademaster/juggernaut/jugg/jugg_0822/Lists/baby_gen_dataset/tmp/Image/jugg_baby_0822_00008042.jpg
/workspace/dataset/blademaster/juggernaut/jugg/jugg_0822/Lists/baby_gen_dataset/tmp/Image/jugg_baby_0822_00001086.jpg
/workspace/dataset/blademaster/juggernaut/jugg/jugg_0822/Lists/baby_gen_dataset/tmp/Image/jugg_baby_0822_00005770.jpg
/workspace/dataset/blademaster/juggernaut/jugg/jugg_0822/Lists/baby_gen_dataset/tmp/Image/jugg_baby_0822_00008056.jpg
/workspace/dataset/blademaster/juggernaut/jugg/jugg_0822/Lists/baby_gen_dataset/tmp/Image/jugg_baby_0822_00000892.jpg
/workspace/dataset/blademaster/juggernaut/jugg/jugg_0822/Lists/baby_gen_dataset/tmp/Image/jugg_baby_0822_00000895.jpg
/workspace/dataset/blademaster/juggernaut/jugg/jugg_0822/Lists/baby_gen_dataset/tmp/Image/jugg_baby_0822_00000371.jpg
/workspace/dataset/blademaster/juggernaut/jugg/jugg_0822/Lists/baby_gen_dataset/tmp/Image/jugg_baby_0822_00009096.jpg
/workspace/dataset/blademaster/juggernaut/jugg/jugg_0822/Lists/baby_gen_dataset/tmp/Image/jugg_baby_0822_00005270.jpg
/workspace/dataset/blademaster/juggernaut/jugg/jugg_0822/Lists/baby_gen_dataset/tmp/Image/jugg_baby_0822_00004444.jpg
/workspace/dataset/blademaster/juggernaut/jugg/jugg_0822/Lists/baby_gen_dataset/tmp/Image/jugg_baby_0822_00004446.jpg
/workspace/dataset/blademaster/juggernaut/jugg/jugg_0822/Lists/baby_gen_dataset/tmp/Image/jugg_baby_0822_00007417.jpg
/workspace/dataset/blademaster/juggernaut/jugg/jugg_0822/Lists/baby_gen_dataset/tmp/Image/jugg_baby_0822_00002163.jpg
/workspace/dataset/blademaster/juggernaut/jugg/jugg_0822/Lists/baby_gen_dataset/tmp/Image/jugg_baby_0822_00009753.jpg
/workspace/dataset/blademaster/juggernaut/jugg/jugg_0822/Lists/baby_gen_dataset/tmp/Image/jugg_baby_0822_00009306.jpg
/workspace/dataset/blademaster/juggernaut/jugg/jugg_0822/Lists/baby_gen_dataset/tmp/Image/jugg_baby_0822_00000167.jpg
/workspace/dataset/blademaster/juggernaut/jugg/jugg_0822/Lists/baby_gen_dataset/tmp/Image/jugg_baby_0822_00000386.jpg
/workspace/dataset/blademaster/juggernaut/jugg/jugg_0822/Lists/baby_gen_dataset/tmp/Image/jugg_baby_0822_00002176.jpg
/workspace/dataset/blademaster/juggernaut/jugg/jugg_0822/Lists/baby_gen_dataset/tmp/Image/jugg_baby_0822_00006741.jpg
/workspace/dataset/blademaster/juggernaut/jugg/jugg_0822/Lists/baby_gen_dataset/tmp/Image/jugg_baby_0822_00006746.jpg
/workspace/dataset/blademaster/juggernaut/jugg/jugg_0822/Lists/baby_gen_dataset/tmp/Image/jugg_baby_0822_00004481.jpg
/workspace/dataset/blademaster/juggernaut/jugg/jugg_0822/Lists/baby_gen_dataset/tmp/Image/jugg_baby_0822_00004492.jpg
/workspace/dataset/blademaster/juggernaut/jugg/jugg_0822/Lists/baby_gen_dataset/tmp/Image/jugg_baby_0822_00000184.jpg
/workspace/dataset/blademaster/juggernaut/jugg/jugg_0822/Lists/baby_gen_dataset/tmp/Image/jugg_baby_0822_00004500.jpg
/workspace/dataset/blademaster/juggernaut/jugg/jugg_0822/Lists/baby_gen_dataset/tmp/Image/jugg_baby_0822_00000397.jpg
/workspace/dataset/blademaster/juggernaut/jugg/jugg_0822/Lists/baby_gen_dataset/tmp/Image/jugg_baby_0822_00004506.jpg
/workspace/dataset/blademaster/juggernaut/jugg/jugg_0822/Lists/baby_gen_dataset/tmp/Image/jugg_baby_0822_00000400.jpg
/workspace/dataset/blademaster/juggernaut/jugg/jugg_0822/Lists/baby_gen_dataset/tmp/Image/jugg_baby_0822_00000404.jpg
/workspace/dataset/blademaster/juggernaut/jugg/jugg_0822/Lists/baby_gen_dataset/tmp/Image/jugg_baby_0822_00001728.jpg
/workspace/dataset/blademaster/juggernaut/jugg/jugg_0822/Lists/baby_gen_dataset/tmp/Image/jugg_baby_0822_00009764.jpg
/workspace/dataset/blademaster/juggernaut/jugg/jugg_0822/Lists/baby_gen_dataset/tmp/Image/jugg_baby_0822_00006762.jpg
/workspace/dataset/blademaster/juggernaut/jugg/jugg_0822/Lists/baby_gen_dataset/tmp/Image/jugg_baby_0822_00009356.jpg
/workspace/dataset/blademaster/juggernaut/jugg/jugg_0822/Lists/baby_gen_dataset/tmp/Image/jugg_baby_0822_00005796.jpg
/workspace/dataset/blademaster/juggernaut/jugg/jugg_0822/Lists/baby_gen_dataset/tmp/Image/jugg_baby_0822_00001287.jpg
/workspace/dataset/blademaster/juggernaut/jugg/jugg_0822/Lists/baby_gen_dataset/tmp/Image/jugg_baby_0822_00005801.jpg
/workspace/dataset/blademaster/juggernaut/jugg/jugg_0822/Lists/baby_gen_dataset/tmp/Image/jugg_baby_0822_00009617.jpg
/workspace/dataset/blademaster/juggernaut/jugg/jugg_0822/Lists/baby_gen_dataset/tmp/Image/jugg_baby_0822_00001447.jpg
/workspace/dataset/blademaster/juggernaut/jugg/jugg_0822/Lists/baby_gen_dataset/tmp/Image/jugg_baby_0822_00011530.jpg
/workspace/dataset/blademaster/juggernaut/jugg/jugg_0822/Lists/baby_gen_dataset/tmp/Image/jugg_baby_0822_00009193.jpg
/workspace/dataset/blademaster/juggernaut/jugg/jugg_0822/Lists/baby_gen_dataset/tmp/Image/jugg_baby_0822_00010023.jpg
/workspace/dataset/blademaster/juggernaut/jugg/jugg_0822/Lists/baby_gen_dataset/tmp/Image/jugg_baby_0822_00009807.jpg
/workspace/dataset/blademaster/juggernaut/jugg/jugg_0822/Lists/baby_gen_dataset/tmp/Image/jugg_baby_0822_00011771.jpg
/workspace/dataset/blademaster/juggernaut/jugg/jugg_0822/Lists/baby_gen_dataset/tmp/Image/jugg_baby_0822_00012207.jpg
/workspace/dataset/blademaster/juggernaut/jugg/jugg_0822/Lists/baby_gen_dataset/tmp/Image/jugg_baby_0822_00011549.jpg
/workspace/dataset/blademaster/juggernaut/jugg/jugg_0822/Lists/baby_gen_dataset/tmp/Image/jugg_baby_0822_00000223.jpg
/workspace/dataset/blademaster/juggernaut/jugg/jugg_0822/Lists/baby_gen_dataset/tmp/Image/jugg_baby_0822_00011982.jpg
/workspace/dataset/blademaster/juggernaut/jugg/jugg_0822/Lists/baby_gen_dataset/tmp/Image/jugg_baby_0822_00009409.jpg
/workspace/dataset/blademaster/juggernaut/jugg/jugg_0822/Lists/baby_gen_dataset/tmp/Image/jugg_baby_0822_00001763.jpg
/workspace/dataset/blademaster/juggernaut/jugg/jugg_0822/Lists/baby_gen_dataset/tmp/Image/jugg_baby_0822_00012667.jpg
/workspace/dataset/blademaster/juggernaut/jugg/jugg_0822/Lists/baby_gen_dataset/tmp/Image/jugg_baby_0822_00009416.jpg
/workspace/dataset/blademaster/juggernaut/jugg/jugg_0822/Lists/baby_gen_dataset/tmp/Image/jugg_baby_0822_00009839.jpg
/workspace/dataset/blademaster/juggernaut/jugg/jugg_0822/Lists/baby_gen_dataset/tmp/Image/jugg_baby_0822_00002597.jpg
/workspace/dataset/blademaster/juggernaut/jugg/jugg_0822/Lists/baby_gen_dataset/tmp/Image/jugg_baby_0822_00001779.jpg
/workspace/dataset/blademaster/juggernaut/jugg/jugg_0822/Lists/baby_gen_dataset/tmp/Image/jugg_baby_0822_00009667.jpg
/workspace/dataset/blademaster/juggernaut/jugg/jugg_0822/Lists/baby_gen_dataset/tmp/Image/jugg_baby_0822_00009669.jpg
/workspace/dataset/blademaster/juggernaut/jugg/jugg_0822/Lists/baby_gen_dataset/tmp/Image/jugg_baby_0822_00010055.jpg
/workspace/dataset/blademaster/juggernaut/jugg/jugg_0822/Lists/baby_gen_dataset/tmp/Image/jugg_baby_0822_00010060.jpg
/workspace/dataset/blademaster/juggernaut/jugg/jugg_0822/Lists/baby_gen_dataset/tmp/Image/jugg_baby_0822_00002216.jpg
/workspace/dataset/blademaster/juggernaut/jugg/jugg_0822/Lists/baby_gen_dataset/tmp/Image/jugg_baby_0822_00009450.jpg
/workspace/dataset/blademaster/juggernaut/jugg/jugg_0822/Lists/baby_gen_dataset/tmp/Image/jugg_baby_0822_00012005.jpg
/workspace/dataset/blademaster/juggernaut/jugg/jugg_0822/Lists/baby_gen_dataset/tmp/Image/jugg_baby_0822_00002404.jpg
/workspace/dataset/blademaster/juggernaut/jugg/jugg_0822/Lists/baby_gen_dataset/tmp/Image/jugg_baby_0822_00009689.jpg
/workspace/dataset/blademaster/juggernaut/jugg/jugg_0822/Lists/baby_gen_dataset/tmp/Image/jugg_baby_0822_00010924.jpg
/workspace/dataset/blademaster/juggernaut/jugg/jugg_0822/Lists/baby_gen_dataset/tmp/Image/jugg_baby_0822_00001484.jpg
/workspace/dataset/blademaster/juggernaut/jugg/jugg_0822/Lists/baby_gen_dataset/tmp/Image/jugg_baby_0822_00009703.jpg
/workspace/dataset/blademaster/juggernaut/jugg/jugg_0822/Lists/baby_gen_dataset/tmp/Image/jugg_baby_0822_00011128.jpg
/workspace/dataset/blademaster/juggernaut/jugg/jugg_0822/Lists/baby_gen_dataset/tmp/Image/jugg_baby_0822_00002231.jpg
/workspace/dataset/blademaster/juggernaut/jugg/jugg_0822/Lists/baby_gen_dataset/tmp/Image/jugg_baby_0822_00010516.jpg
/workspace/dataset/blademaster/juggernaut/jugg/jugg_0822/Lists/baby_gen_dataset/tmp/Image/jugg_baby_0822_00011606.jpg
/workspace/dataset/blademaster/juggernaut/jugg/jugg_0822/Lists/baby_gen_dataset/tmp/Image/jugg_baby_0822_00011607.jpg
/workspace/dataset/blademaster/juggernaut/jugg/jugg_0822/Lists/baby_gen_dataset/tmp/Image/jugg_baby_0822_00011609.jpg
/workspace/dataset/blademaster/juggernaut/jugg/jugg_0822/Lists/baby_gen_dataset/tmp/Image/jugg_baby_0822_00011139.jpg
/workspace/dataset/blademaster/juggernaut/jugg/jugg_0822/Lists/baby_gen_dataset/tmp/Image/jugg_baby_0822_00012737.jpg
/workspace/dataset/blademaster/juggernaut/jugg/jugg_0822/Lists/baby_gen_dataset/tmp/Image/jugg_baby_0822_00011853.jpg
/workspace/dataset/blademaster/juggernaut/jugg/jugg_0822/Lists/baby_gen_dataset/tmp/Image/jugg_baby_0822_00011857.jpg
/workspace/dataset/blademaster/juggernaut/jugg/jugg_0822/Lists/baby_gen_dataset/tmp/Image/jugg_baby_0822_00011614.jpg
/workspace/dataset/blademaster/juggernaut/jugg/jugg_0822/Lists/baby_gen_dataset/tmp/Image/jugg_baby_0822_00012034.jpg
/workspace/dataset/blademaster/juggernaut/jugg/jugg_0822/Lists/baby_gen_dataset/tmp/Image/jugg_baby_0822_00012946.jpg
/workspace/dataset/blademaster/juggernaut/jugg/jugg_0822/Lists/baby_gen_dataset/tmp/Image/jugg_baby_0822_00013794.jpg
/workspace/dataset/blademaster/juggernaut/jugg/jugg_0822/Lists/baby_gen_dataset/tmp/Image/jugg_baby_0822_00001341.jpg
/workspace/dataset/blademaster/juggernaut/jugg/jugg_0822/Lists/baby_gen_dataset/tmp/Image/jugg_baby_0822_00011156.jpg
/workspace/dataset/blademaster/juggernaut/jugg/jugg_0822/Lists/baby_gen_dataset/tmp/Image/jugg_baby_0822_00013582.jpg
/workspace/dataset/blademaster/juggernaut/jugg/jugg_0822/Lists/baby_gen_dataset/tmp/Image/jugg_baby_0822_00014013.jpg
/workspace/dataset/blademaster/juggernaut/jugg/jugg_0822/Lists/baby_gen_dataset/tmp/Image/jugg_baby_0822_00002617.jpg
/workspace/dataset/blademaster/juggernaut/jugg/jugg_0822/Lists/baby_gen_dataset/tmp/Image/jugg_baby_0822_00002620.jpg
/workspace/dataset/blademaster/juggernaut/jugg/jugg_0822/Lists/baby_gen_dataset/tmp/Image/jugg_baby_0822_00010724.jpg
/workspace/dataset/blademaster/juggernaut/jugg/jugg_0822/Lists/baby_gen_dataset/tmp/Image/jugg_baby_0822_00010725.jpg
/workspace/dataset/blademaster/juggernaut/jugg/jugg_0822/Lists/baby_gen_dataset/tmp/Image/jugg_baby_0822_00012074.jpg
/workspace/dataset/blademaster/juggernaut/jugg/jugg_0822/Lists/baby_gen_dataset/tmp/Image/jugg_baby_0822_00005517.jpg
/workspace/dataset/blademaster/juggernaut/jugg/jugg_0822/Lists/baby_gen_dataset/tmp/Image/jugg_baby_0822_00005318.jpg
/workspace/dataset/blademaster/juggernaut/jugg/jugg_0822/Lists/baby_gen_dataset/tmp/Image/jugg_baby_0822_00011185.jpg
/workspace/dataset/blademaster/juggernaut/jugg/jugg_0822/Lists/baby_gen_dataset/tmp/Image/jugg_baby_0822_00004899.jpg
/workspace/dataset/blademaster/juggernaut/jugg/jugg_0822/Lists/baby_gen_dataset/tmp/Image/jugg_baby_0822_00006243.jpg
/workspace/dataset/blademaster/juggernaut/jugg/jugg_0822/Lists/baby_gen_dataset/tmp/Image/jugg_baby_0822_00001529.jpg
/workspace/dataset/blademaster/juggernaut/jugg/jugg_0822/Lists/baby_gen_dataset/tmp/Image/jugg_baby_0822_00001530.jpg
/workspace/dataset/blademaster/juggernaut/jugg/jugg_0822/Lists/baby_gen_dataset/tmp/Image/jugg_baby_0822_00014479.jpg
/workspace/dataset/blademaster/juggernaut/jugg/jugg_0822/Lists/baby_gen_dataset/tmp/Image/jugg_baby_0822_00011412.jpg
/workspace/dataset/blademaster/juggernaut/jugg/jugg_0822/Lists/baby_gen_dataset/tmp/Image/jugg_baby_0822_00013189.jpg
/workspace/dataset/blademaster/juggernaut/jugg/jugg_0822/Lists/baby_gen_dataset/tmp/Image/jugg_baby_0822_00002424.jpg
/workspace/dataset/blademaster/juggernaut/jugg/jugg_0822/Lists/baby_gen_dataset/tmp/Image/jugg_baby_0822_00014492.jpg
/workspace/dataset/blademaster/juggernaut/jugg/jugg_0822/Lists/baby_gen_dataset/tmp/Image/jugg_baby_0822_00013812.jpg
/workspace/dataset/blademaster/juggernaut/jugg/jugg_0822/Lists/baby_gen_dataset/tmp/Image/jugg_baby_0822_00012492.jpg
/workspace/dataset/blademaster/juggernaut/jugg/jugg_0822/Lists/baby_gen_dataset/tmp/Image/jugg_baby_0822_00012493.jpg
/workspace/dataset/blademaster/juggernaut/jugg/jugg_0822/Lists/baby_gen_dataset/tmp/Image/jugg_baby_0822_00012494.jpg
/workspace/dataset/blademaster/juggernaut/jugg/jugg_0822/Lists/baby_gen_dataset/tmp/Image/jugg_baby_0822_00005528.jpg
/workspace/dataset/blademaster/juggernaut/jugg/jugg_0822/Lists/baby_gen_dataset/tmp/Image/jugg_baby_0822_00012098.jpg
/workspace/dataset/blademaster/juggernaut/jugg/jugg_0822/Lists/baby_gen_dataset/tmp/Image/jugg_baby_0822_00013396.jpg
/workspace/dataset/blademaster/juggernaut/jugg/jugg_0822/Lists/baby_gen_dataset/tmp/Image/jugg_baby_0822_00011428.jpg
/workspace/dataset/blademaster/juggernaut/jugg/jugg_0822/Lists/baby_gen_dataset/tmp/Image/jugg_baby_0822_00013224.jpg
/workspace/dataset/blademaster/juggernaut/jugg/jugg_0822/Lists/baby_gen_dataset/tmp/Image/jugg_baby_0822_00011065.jpg
/workspace/dataset/blademaster/juggernaut/jugg/jugg_0822/Lists/baby_gen_dataset/tmp/Image/jugg_baby_0822_00005534.jpg
/workspace/dataset/blademaster/juggernaut/jugg/jugg_0822/Lists/baby_gen_dataset/tmp/Image/jugg_baby_0822_00005545.jpg
/workspace/dataset/blademaster/juggernaut/jugg/jugg_0822/Lists/baby_gen_dataset/tmp/Image/jugg_baby_0822_00002256.jpg
/workspace/dataset/blademaster/juggernaut/jugg/jugg_0822/Lists/baby_gen_dataset/tmp/Image/jugg_baby_0822_00014938.jpg
/workspace/dataset/blademaster/juggernaut/jugg/jugg_0822/Lists/baby_gen_dataset/tmp/Image/jugg_baby_0822_00012130.jpg
/workspace/dataset/blademaster/juggernaut/jugg/jugg_0822/Lists/baby_gen_dataset/tmp/Image/jugg_baby_0822_00011961.jpg
/workspace/dataset/blademaster/juggernaut/jugg/jugg_0822/Lists/baby_gen_dataset/tmp/Image/jugg_baby_0822_00013845.jpg
/workspace/dataset/blademaster/juggernaut/jugg/jugg_0822/Lists/baby_gen_dataset/tmp/Image/jugg_baby_0822_00011474.jpg
/workspace/dataset/blademaster/juggernaut/jugg/jugg_0822/Lists/baby_gen_dataset/tmp/Image/jugg_baby_0822_00013855.jpg
/workspace/dataset/blademaster/juggernaut/jugg/jugg_0822/Lists/baby_gen_dataset/tmp/Image/jugg_baby_0822_00005845.jpg
/workspace/dataset/blademaster/juggernaut/jugg/jugg_0822/Lists/baby_gen_dataset/tmp/Image/jugg_baby_0822_00014308.jpg
/workspace/dataset/blademaster/juggernaut/jugg/jugg_0822/Lists/baby_gen_dataset/tmp/Image/jugg_baby_0822_00002658.jpg
/workspace/dataset/blademaster/juggernaut/jugg/jugg_0822/Lists/baby_gen_dataset/tmp/Image/jugg_baby_0822_00011493.jpg
/workspace/dataset/blademaster/juggernaut/jugg/jugg_0822/Lists/baby_gen_dataset/tmp/Image/jugg_baby_0822_00002662.jpg
/workspace/dataset/blademaster/juggernaut/jugg/jugg_0822/Lists/baby_gen_dataset/tmp/Image/jugg_baby_0822_00012805.jpg
/workspace/dataset/blademaster/juggernaut/jugg/jugg_0822/Lists/baby_gen_dataset/tmp/Image/jugg_baby_0822_00016281.jpg
/workspace/dataset/blademaster/juggernaut/jugg/jugg_0822/Lists/baby_gen_dataset/tmp/Image/jugg_baby_0822_00011264.jpg
/workspace/dataset/blademaster/juggernaut/jugg/jugg_0822/Lists/baby_gen_dataset/tmp/Image/jugg_baby_0822_00011270.jpg
/workspace/dataset/blademaster/juggernaut/jugg/jugg_0822/Lists/baby_gen_dataset/tmp/Image/jugg_baby_0822_00012962.jpg
/workspace/dataset/blademaster/juggernaut/jugg/jugg_0822/Lists/baby_gen_dataset/tmp/Image/jugg_baby_0822_00016290.jpg
/workspace/dataset/blademaster/juggernaut/jugg/jugg_0822/Lists/baby_gen_dataset/tmp/Image/jugg_baby_0822_00014126.jpg
/workspace/dataset/blademaster/juggernaut/jugg/jugg_0822/Lists/baby_gen_dataset/tmp/Image/jugg_baby_0822_00012972.jpg
/workspace/dataset/blademaster/juggernaut/jugg/jugg_0822/Lists/baby_gen_dataset/tmp/Image/jugg_baby_0822_00015206.jpg
/workspace/dataset/blademaster/juggernaut/jugg/jugg_0822/Lists/baby_gen_dataset/tmp/Image/jugg_baby_0822_00014342.jpg
/workspace/dataset/blademaster/juggernaut/jugg/jugg_0822/Lists/baby_gen_dataset/tmp/Image/jugg_baby_0822_00015669.jpg
/workspace/dataset/blademaster/juggernaut/jugg/jugg_0822/Lists/baby_gen_dataset/tmp/Image/jugg_baby_0822_00013650.jpg
/workspace/dataset/blademaster/juggernaut/jugg/jugg_0822/Lists/baby_gen_dataset/tmp/Image/jugg_baby_0822_00016095.jpg
/workspace/dataset/blademaster/juggernaut/jugg/jugg_0822/Lists/baby_gen_dataset/tmp/Image/jugg_baby_0822_00005577.jpg
/workspace/dataset/blademaster/juggernaut/jugg/jugg_0822/Lists/baby_gen_dataset/tmp/Image/jugg_baby_0822_00005578.jpg
/workspace/dataset/blademaster/juggernaut/jugg/jugg_0822/Lists/baby_gen_dataset/tmp/Image/jugg_baby_0822_00015680.jpg
/workspace/dataset/blademaster/juggernaut/jugg/jugg_0822/Lists/baby_gen_dataset/tmp/Image/jugg_baby_0822_00012384.jpg
/workspace/dataset/blademaster/juggernaut/jugg/jugg_0822/Lists/baby_gen_dataset/tmp/Image/jugg_baby_0822_00013304.jpg
/workspace/dataset/blademaster/juggernaut/jugg/jugg_0822/Lists/baby_gen_dataset/tmp/Image/jugg_baby_0822_00016567.jpg
/workspace/dataset/blademaster/juggernaut/jugg/jugg_0822/Lists/baby_gen_dataset/tmp/Image/jugg_baby_0822_00013673.jpg
/workspace/dataset/blademaster/juggernaut/jugg/jugg_0822/Lists/baby_gen_dataset/tmp/Image/jugg_baby_0822_00015056.jpg
/workspace/dataset/blademaster/juggernaut/jugg/jugg_0822/Lists/baby_gen_dataset/tmp/Image/jugg_baby_0822_00012866.jpg
/workspace/dataset/blademaster/juggernaut/jugg/jugg_0822/Lists/baby_gen_dataset/tmp/Image/jugg_baby_0822_00002485.jpg
/workspace/dataset/blademaster/juggernaut/jugg/jugg_0822/Lists/baby_gen_dataset/tmp/Image/jugg_baby_0822_00013681.jpg
/workspace/dataset/blademaster/juggernaut/jugg/jugg_0822/Lists/baby_gen_dataset/tmp/Image/jugg_baby_0822_00012397.jpg
/workspace/dataset/blademaster/juggernaut/jugg/jugg_0822/Lists/baby_gen_dataset/tmp/Image/jugg_baby_0822_00016369.jpg
/workspace/dataset/blademaster/juggernaut/jugg/jugg_0822/Lists/baby_gen_dataset/tmp/Image/jugg_baby_0822_00012399.jpg
/workspace/dataset/blademaster/juggernaut/jugg/jugg_0822/Lists/baby_gen_dataset/tmp/Image/jugg_baby_0822_00014172.jpg
/workspace/dataset/blademaster/juggernaut/jugg/jugg_0822/Lists/baby_gen_dataset/tmp/Image/jugg_baby_0822_00013697.jpg
/workspace/dataset/blademaster/juggernaut/jugg/jugg_0822/Lists/baby_gen_dataset/tmp/Image/jugg_baby_0822_00013702.jpg
/workspace/dataset/blademaster/juggernaut/jugg/jugg_0822/Lists/baby_gen_dataset/tmp/Image/jugg_baby_0822_00013704.jpg
/workspace/dataset/blademaster/juggernaut/jugg/jugg_0822/Lists/baby_gen_dataset/tmp/Image/jugg_baby_0822_00013705.jpg
/workspace/dataset/blademaster/juggernaut/jugg/jugg_0822/Lists/baby_gen_dataset/tmp/Image/jugg_baby_0822_00014741.jpg
/workspace/dataset/blademaster/juggernaut/jugg/jugg_0822/Lists/baby_gen_dataset/tmp/Image/jugg_baby_0822_00015564.jpg
/workspace/dataset/blademaster/juggernaut/jugg/jugg_0822/Lists/baby_gen_dataset/tmp/Image/jugg_baby_0822_00015910.jpg
/workspace/dataset/blademaster/juggernaut/jugg/jugg_0822/Lists/baby_gen_dataset/tmp/Image/jugg_baby_0822_00005156.jpg
/workspace/dataset/blademaster/juggernaut/jugg/jugg_0822/Lists/baby_gen_dataset/tmp/Image/jugg_baby_0822_00013043.jpg
/workspace/dataset/blademaster/juggernaut/jugg/jugg_0822/Lists/baby_gen_dataset/tmp/Image/jugg_baby_0822_00013558.jpg
/workspace/dataset/blademaster/juggernaut/jugg/jugg_0822/Lists/baby_gen_dataset/tmp/Image/jugg_baby_0822_00011721.jpg
/workspace/dataset/blademaster/juggernaut/jugg/jugg_0822/Lists/baby_gen_dataset/tmp/Image/jugg_baby_0822_00014782.jpg
/workspace/dataset/blademaster/juggernaut/jugg/jugg_0822/Lists/baby_gen_dataset/tmp/Image/jugg_baby_0822_00014418.jpg
/workspace/dataset/blademaster/juggernaut/jugg/jugg_0822/Lists/baby_gen_dataset/tmp/Image/jugg_baby_0822_00020815.jpg
/workspace/dataset/blademaster/juggernaut/jugg/jugg_0822/Lists/baby_gen_dataset/tmp/Image/jugg_baby_0822_00012615.jpg
/workspace/dataset/blademaster/juggernaut/jugg/jugg_0822/Lists/baby_gen_dataset/tmp/Image/jugg_baby_0822_00013068.jpg
/workspace/dataset/blademaster/juggernaut/jugg/jugg_0822/Lists/baby_gen_dataset/tmp/Image/jugg_baby_0822_00016427.jpg
/workspace/dataset/blademaster/juggernaut/jugg/jugg_0822/Lists/baby_gen_dataset/tmp/Image/jugg_baby_0822_00015809.jpg
/workspace/dataset/blademaster/juggernaut/jugg/jugg_0822/Lists/baby_gen_dataset/tmp/Image/jugg_baby_0822_00019290.jpg
/workspace/dataset/blademaster/juggernaut/jugg/jugg_0822/Lists/baby_gen_dataset/tmp/Image/jugg_baby_0822_00016004.jpg
/workspace/dataset/blademaster/juggernaut/jugg/jugg_0822/Lists/baby_gen_dataset/tmp/Image/jugg_baby_0822_00015341.jpg
/workspace/dataset/blademaster/juggernaut/jugg/jugg_0822/Lists/baby_gen_dataset/tmp/Image/jugg_baby_0822_00014852.jpg
/workspace/dataset/blademaster/juggernaut/jugg/jugg_0822/Lists/baby_gen_dataset/tmp/Image/jugg_baby_0822_00014865.jpg
/workspace/dataset/blademaster/juggernaut/jugg/jugg_0822/Lists/baby_gen_dataset/tmp/Image/jugg_baby_0822_00017784.jpg
/workspace/dataset/blademaster/juggernaut/jugg/jugg_0822/Lists/baby_gen_dataset/tmp/Image/jugg_baby_0822_00021775.jpg
/workspace/dataset/blademaster/juggernaut/jugg/jugg_0822/Lists/baby_gen_dataset/tmp/Image/jugg_baby_0822_00014893.jpg
/workspace/dataset/blademaster/juggernaut/jugg/jugg_0822/Lists/baby_gen_dataset/tmp/Image/jugg_baby_0822_00023292.jpg
/workspace/dataset/blademaster/juggernaut/jugg/jugg_0822/Lists/baby_gen_dataset/tmp/Image/jugg_baby_0822_00023742.jpg
/workspace/dataset/blademaster/juggernaut/jugg/jugg_0822/Lists/baby_gen_dataset/tmp/Image/jugg_baby_0822_00023063.jpg
/workspace/dataset/blademaster/juggernaut/jugg/jugg_0822/Lists/baby_gen_dataset/tmp/Image/jugg_baby_0822_00011750.jpg
/workspace/dataset/blademaster/juggernaut/jugg/jugg_0822/Lists/baby_gen_dataset/tmp/Image/jugg_baby_0822_00023072.jpg
/workspace/dataset/blademaster/juggernaut/jugg/jugg_0822/Lists/baby_gen_dataset/tmp/Image/jugg_baby_0822_00021602.jpg
/workspace/dataset/blademaster/juggernaut/jugg/jugg_0822/Lists/baby_gen_dataset/tmp/Image/jugg_baby_0822_00013953.jpg
/workspace/dataset/blademaster/juggernaut/jugg/jugg_0822/Lists/baby_gen_dataset/tmp/Image/jugg_baby_0822_00021853.jpg
/workspace/dataset/blademaster/juggernaut/jugg/jugg_0822/Lists/baby_gen_dataset/tmp/Image/jugg_baby_0822_00016935.jpg
/workspace/dataset/blademaster/juggernaut/jugg/jugg_0822/Lists/baby_gen_dataset/tmp/Image/jugg_baby_0822_00025996.jpg
/workspace/dataset/blademaster/juggernaut/jugg/jugg_0822/Lists/baby_gen_dataset/tmp/Image/jugg_baby_0822_00026900.jpg
/workspace/dataset/blademaster/juggernaut/jugg/jugg_0822/Lists/baby_gen_dataset/tmp/Image/jugg_baby_0822_00013997.jpg
/workspace/dataset/blademaster/juggernaut/jugg/jugg_0822/Lists/baby_gen_dataset/tmp/Image/jugg_baby_0822_00014006.jpg
/workspace/dataset/blademaster/juggernaut/jugg/jugg_0822/Lists/baby_gen_dataset/tmp/Image/jugg_baby_0822_00024499.jpg
/workspace/dataset/blademaster/juggernaut/jugg/jugg_0822/Lists/baby_gen_dataset/tmp/Image/jugg_baby_0822_00024500.jpg
/workspace/dataset/blademaster/juggernaut/jugg/jugg_0822/Lists/baby_gen_dataset/tmp/Image/jugg_baby_0822_00022481.jpg
/workspace/dataset/blademaster/juggernaut/jugg/jugg_0822/Lists/baby_gen_dataset/tmp/Image/jugg_baby_0822_00022749.jpg
/workspace/dataset/blademaster/juggernaut/jugg/jugg_0822/Lists/baby_gen_dataset/tmp/Image/jugg_baby_0822_00028269.jpg
/workspace/dataset/blademaster/juggernaut/jugg/jugg_0822/Lists/baby_gen_dataset/tmp/Image/jugg_baby_0822_00022757.jpg
/workspace/dataset/blademaster/juggernaut/jugg/jugg_0822/Lists/baby_gen_dataset/tmp/Image/jugg_baby_0822_00022770.jpg
/workspace/dataset/blademaster/juggernaut/jugg/jugg_0822/Lists/baby_gen_dataset/tmp/Image/jugg_baby_0822_00029404.jpg
/workspace/dataset/blademaster/juggernaut/jugg/jugg_0822/Lists/baby_gen_dataset/tmp/Image/jugg_baby_0822_00029609.jpg
/workspace/dataset/blademaster/juggernaut/jugg/jugg_0822/Lists/baby_gen_dataset/tmp/Image/jugg_baby_0822_00025599.jpg
/workspace/dataset/blademaster/juggernaut/jugg/jugg_0822/Lists/baby_gen_dataset/tmp/Image/jugg_baby_0822_00026059.jpg
/workspace/dataset/blademaster/juggernaut/jugg/jugg_0822/Lists/baby_gen_dataset/tmp/Image/jugg_baby_0822_00029178.jpg
/workspace/dataset/blademaster/juggernaut/jugg/jugg_0822/Lists/baby_gen_dataset/tmp/Image/jugg_baby_0822_00030071.jpg
/workspace/dataset/blademaster/juggernaut/jugg/jugg_0822/Lists/baby_gen_dataset/tmp/Image/jugg_baby_0822_00030741.jpg
/workspace/dataset/blademaster/juggernaut/jugg/jugg_0822/Lists/baby_gen_dataset/tmp/Image/jugg_baby_0822_00030315.jpg
/workspace/dataset/blademaster/juggernaut/jugg/jugg_0822/Lists/baby_gen_dataset/tmp/Image/jugg_baby_0822_00024598.jpg
/workspace/dataset/blademaster/juggernaut/jugg/jugg_0822/Lists/baby_gen_dataset/tmp/Image/jugg_baby_0822_00024599.jpg
/workspace/dataset/blademaster/juggernaut/jugg/jugg_0822/Lists/baby_gen_dataset/tmp/Image/jugg_baby_0822_00028759.jpg
/workspace/dataset/blademaster/juggernaut/jugg/jugg_0822/Lists/baby_gen_dataset/tmp/Image/jugg_baby_0822_00029865.jpg
/workspace/dataset/blademaster/juggernaut/jugg/jugg_0822/Lists/baby_gen_dataset/tmp/Image/jugg_baby_0822_00030098.jpg
/workspace/dataset/blademaster/juggernaut/jugg/jugg_0822/Lists/baby_gen_dataset/tmp/Image/jugg_baby_0822_00024732.jpg
/workspace/dataset/blademaster/juggernaut/jugg/jugg_0822/Lists/baby_gen_dataset/tmp/Image/jugg_baby_0822_00026723.jpg
/workspace/dataset/blademaster/juggernaut/jugg/jugg_0822/Lists/baby_gen_dataset/tmp/Image/jugg_baby_0822_00029475.jpg
/workspace/dataset/blademaster/juggernaut/jugg/jugg_0822/Lists/baby_gen_dataset/tmp/Image/jugg_baby_0822_00031058.jpg
/workspace/dataset/blademaster/juggernaut/jugg/jugg_0822/Lists/baby_gen_dataset/tmp/Image/jugg_baby_0822_00027440.jpg
/workspace/dataset/blademaster/juggernaut/jugg/jugg_0822/Lists/baby_gen_dataset/tmp/Image/jugg_baby_0822_00023036.jpg
/workspace/dataset/blademaster/juggernaut/jugg/jugg_0822/Lists/baby_gen_dataset/tmp/Image/jugg_baby_0822_00023722.jpg
/workspace/dataset/blademaster/juggernaut/jugg/jugg_0822/Lists/baby_gen_dataset/tmp/Image/jugg_baby_0822_00032548.jpg
/workspace/dataset/blademaster/juggernaut/jugg/jugg_0822/Lists/baby_gen_dataset/tmp/Image/jugg_baby_0822_00031129.jpg
/workspace/dataset/blademaster/juggernaut/jugg/jugg_0822/Lists/baby_gen_dataset/tmp/Image/jugg_baby_0822_00031131.jpg
/workspace/dataset/blademaster/juggernaut/jugg/jugg_0822/Lists/baby_gen_dataset/tmp/Image/jugg_baby_0822_00031135.jpg
/workspace/dataset/blademaster/juggernaut/jugg/jugg_0822/Lists/baby_gen_dataset/tmp/Image/jugg_baby_0822_00027301.jpg
/workspace/dataset/blademaster/juggernaut/jugg/jugg_0822/Lists/baby_gen_dataset/tmp/Image/jugg_baby_0822_00027303.jpg
/workspace/dataset/blademaster/juggernaut/jugg/jugg_0822/Lists/baby_gen_dataset/tmp/Image/jugg_baby_0822_00031245.jpg
/workspace/dataset/blademaster/juggernaut/jugg/jugg_0822/Lists/baby_gen_dataset/tmp/Image/jugg_baby_0822_00031246.jpg
/workspace/dataset/blademaster/juggernaut/jugg/jugg_0822/Lists/baby_gen_dataset/tmp/Image/jugg_baby_0822_00027309.jpg
/workspace/dataset/blademaster/juggernaut/jugg/jugg_0822/Lists/baby_gen_dataset/tmp/Image/jugg_baby_0822_00027310.jpg
/workspace/dataset/blademaster/juggernaut/jugg/jugg_0822/Lists/baby_gen_dataset/tmp/Image/jugg_baby_0822_00027311.jpg
/workspace/dataset/blademaster/juggernaut/jugg/jugg_0822/Lists/baby_gen_dataset/tmp/Image/jugg_baby_0822_00027313.jpg
/workspace/dataset/blademaster/juggernaut/jugg/jugg_0822/Lists/baby_gen_dataset/tmp/Image/jugg_baby_0822_00027749.jpg
/workspace/dataset/blademaster/juggernaut/jugg/jugg_0822/Lists/baby_gen_dataset/tmp/Image/jugg_baby_0822_00031161.jpg
/workspace/dataset/blademaster/juggernaut/jugg/jugg_0822/Lists/baby_gen_dataset/tmp/Image/jugg_baby_0822_00026193.jpg
/workspace/dataset/blademaster/juggernaut/jugg/jugg_0822/Lists/baby_gen_dataset/tmp/Image/jugg_baby_0822_00027985.jpg
/workspace/dataset/blademaster/juggernaut/jugg/jugg_0822/Lists/baby_gen_dataset/tmp/Image/jugg_baby_0822_00023849.jpg
/workspace/dataset/blademaster/juggernaut/jugg/jugg_0822/Lists/baby_gen_dataset/tmp/Image/jugg_baby_0822_00030881.jpg
/workspace/dataset/blademaster/juggernaut/jugg/jugg_0822/Lists/baby_gen_dataset/tmp/Image/jugg_baby_0822_00030882.jpg
/workspace/dataset/blademaster/juggernaut/jugg/jugg_0822/Lists/baby_gen_dataset/tmp/Image/jugg_baby_0822_00028896.jpg
/workspace/dataset/blademaster/juggernaut/jugg/jugg_0822/Lists/baby_gen_dataset/tmp/Image/jugg_baby_0822_00030664.jpg
/workspace/dataset/blademaster/juggernaut/jugg/jugg_0822/Lists/baby_gen_dataset/tmp/Image/jugg_baby_0822_00035764.jpg
/workspace/dataset/blademaster/juggernaut/jugg/jugg_0822/Lists/baby_gen_dataset/tmp/Image/jugg_baby_0822_00031613.jpg
/workspace/dataset/blademaster/juggernaut/jugg/jugg_0822/Lists/baby_gen_dataset/tmp/Image/jugg_baby_0822_00031614.jpg
/workspace/dataset/blademaster/juggernaut/jugg/jugg_0822/Lists/baby_gen_dataset/tmp/Image/jugg_baby_0822_00026864.jpg
/workspace/dataset/blademaster/juggernaut/jugg/jugg_0822/Lists/baby_gen_dataset/tmp/Image/jugg_baby_0822_00026870.jpg
/workspace/dataset/blademaster/juggernaut/jugg/jugg_0822/Lists/baby_gen_dataset/tmp/Image/jugg_baby_0822_00026884.jpg
/workspace/dataset/blademaster/juggernaut/jugg/jugg_0822/Lists/baby_gen_dataset/tmp/Image/jugg_baby_0822_00032693.jpg
